<html>
<body>
<pre>
<h1>µVision Build Log</h1>
<h2>Tool Versions:</h2>
IDE-Version: ¦ÌVision V5.38.0.0
Copyright (C) 2022 ARM Ltd and ARM Germany GmbH. All rights reserved.
License Information: Elaina chaffer, None, LIC=76F5U-SY72M-QD0KD-8Y89G-XZRPC-BJWJC
 
Tool Versions:
Toolchain:       MDK-ARM Plus  Version: 5.38.0.0
Toolchain Path:  D:\TOOLS\KEIL5\ARM\ARMCC\Bin
C Compiler:      Armcc.exe V5.06 update 7 (build 960)
Assembler:       Armasm.exe V5.06 update 7 (build 960)
Linker/Locator:  ArmLink.exe V5.06 update 7 (build 960)
Library Manager: ArmAr.exe V5.06 update 7 (build 960)
Hex Converter:   FromElf.exe V5.06 update 7 (build 960)
CPU DLL:         SARMCM3.DLL V5.38.0.0
Dialog DLL:      DCM.DLL V1.17.5.0
Target DLL:      CMSIS_AGDI.dll V1.33.15.0
Dialog DLL:      TCM.DLL V1.56.4.0
 
<h2>Project:</h2>
G:\project\stm32\Ð¡³µ\FreeRTOSÒÆÖ²\Project.uvprojx
Project File Date:  12/10/2023

<h2>Output:</h2>
*** Using Compiler 'V5.06 update 7 (build 960)', folder: 'D:\TOOLS\KEIL5\ARM\ARMCC\Bin'
Rebuild target 'Target 1'
compiling core_cm3.c...
assembling startup_stm32f10x_hd.s...
compiling misc.c...
compiling system_stm32f10x.c...
compiling stm32f10x_dbgmcu.c...
compiling stm32f10x_crc.c...
compiling stm32f10x_exti.c...
compiling stm32f10x_cec.c...
compiling stm32f10x_bkp.c...
compiling stm32f10x_dma.c...
compiling stm32f10x_dac.c...
compiling stm32f10x_adc.c...
compiling stm32f10x_rtc.c...
compiling stm32f10x_spi.c...
compiling stm32f10x_iwdg.c...
compiling stm32f10x_rcc.c...
compiling stm32f10x_i2c.c...
compiling stm32f10x_pwr.c...
compiling stm32f10x_flash.c...
compiling stm32f10x_sdio.c...
compiling stm32f10x_gpio.c...
compiling stm32f10x_can.c...
compiling stm32f10x_usart.c...
compiling stm32f10x_wwdg.c...
compiling stm32f10x_fsmc.c...
compiling USART.c...
compiling stm32f10x_it.c...
compiling EXTI.c...
compiling Buzzer.c...
compiling stm32f10x_tim.c...
compiling LED.c...
compiling Motor.c...
compiling main.c...
compiling PWM.c...
compiling TIM.c...
compiling Sensor.c...
compiling queue.c...
compiling event_groups.c...
compiling heap_4.c...
compiling croutine.c...
compiling NVIC.c...
compiling bsp_ili9341_lcd.c...
Hardware\fonts.h(83): warning:  #1-D: last line of file ends without a newline
  #endif /*end of __FONT_H    */
Hardware\bsp_ili9341_lcd.c: 1 warning, 0 errors
compiling list.c...
compiling tasks.c...
compiling timers.c...
compiling stream_buffer.c...
compiling fonts.c...
Hardware\fonts.h(83): warning:  #1-D: last line of file ends without a newline
  #endif /*end of __FONT_H    */
Hardware\fonts.c: 1 warning, 0 errors
compiling bsp_spi_flash.c...
compiling port.c...
linking...
Program Size: Code=1312 RO-data=336 RW-data=64 ZI-data=1832  
".\Objects\Project.axf" - 0 Error(s), 2 Warning(s).

<h2>Software Packages used:</h2>

Package Vendor: Keil
                http://www.keil.com/pack/Keil.STM32F1xx_DFP.1.1.0.pack
                Keil.STM32F1xx_DFP.1.1.0
                STMicroelectronics STM32F1 Series Device Support, Drivers and Examples

<h2>Collection of Component include folders:</h2>
  D:/TOOLS/KEIL5/PACK/Keil/STM32F1xx_DFP/1.1.0/Device/Include

<h2>Collection of Component Files used:</h2>
Build Time Elapsed:  00:00:04
</pre>
</body>
</html>
